// Vitest Snapshot v1, https://vitest.dev/guide/snapshot.html

exports[`VideoUploader snapshot > matches snapshot (default) 1`] = `
<div>
  <div
    class="max-w-md p-4 bg-white border border-gray-100 rounded-lg shadow-sm"
  >
    <div
      class="border-dashed border-2 rounded-md p-6 flex flex-col items-center justify-center cursor-pointer transition-colors border-gray-300 hover:border-blue-400 hover:bg-gray-50"
    >
      <input
        accept="video/mp4,video/webm,video/quicktime,video/x-quicktime,video/ogg,video/x-matroska"
        hidden=""
        type="file"
      />
      <div
        class="text-center"
      >
        <img
          alt=""
          class="w-12 h-12 mb-3 block mx-auto text-gray-400"
          src="data:image/svg+xml,%3csvg%20width='48'%20height='48'%20viewBox='0%200%2048%2048'%20fill='none'%20xmlns='http://www.w3.org/2000/svg'%3e%3cpath%20d='M0%2024C0%2010.7452%2010.7452%200%2024%200C37.2548%200%2048%2010.7452%2048%2024C48%2037.2548%2037.2548%2048%2024%2048C10.7452%2048%200%2037.2548%200%2024Z'%20fill='%23EFF1F5'/%3e%3cpath%20d='M30%2027V30H18V27H16V30C16%2031.1%2016.9%2032%2018%2032H30C31.1%2032%2032%2031.1%2032%2030V27H30ZM19%2021L20.41%2022.41L23%2019.83V28H25V19.83L27.59%2022.41L29%2021L24%2016L19%2021Z'%20fill='%236361EA'/%3e%3c/svg%3e"
        />
        <p
          class="font-medium text-gray-700"
        >
          Click or drag & drop video
        </p>
        <p
          class="mt-1 text-xs text-gray-500"
        >
          Accepts • MP4, MOV, WebM
        </p>
      </div>
    </div>
    <div
      class="mt-4 transition-all duration-500 opacity-0"
    >
      <div
        class="flex justify-between mb-1 text-xs text-gray-500"
      >
        <span>
          Uploading...
        </span>
        <span>
          0
          %
        </span>
      </div>
      <div
        class="h-2 overflow-hidden bg-gray-100 rounded-full"
      >
        <div
          class="h-full transition-all duration-300 ease-out bg-blue-500"
          style="width: 0%;"
        />
      </div>
    </div>
  </div>
</div>
`;
